app/components/animations/LogoWall.tsx(57,22): error TS1127: Invalid character.
app/components/animations/LogoWall.tsx(61,9): error TS1381: Unexpected token. Did you mean `{'}'}` or `&rbrace;`?
app/components/animations/LogoWall.tsx(61,10): error TS1381: Unexpected token. Did you mean `{'}'}` or `&rbrace;`?
app/components/animations/LogoWall.tsx(62,7): error TS1382: Unexpected token. Did you mean `{'>'}` or `&gt;`?
app/components/animations/LogoWall.tsx(73,5): error TS1005: ')' expected.
app/components/animations/LogoWall.tsx(74,3): error TS1109: Expression expected.
